main.c:81:6:Check_Buff	16	static
main.c:93:6:HAL_UART_RxCpltCallback	16	static
main.c:113:6:HAL_TIM_PeriodElapsedCallback	16	static
main.c:135:6:Seg_Off	8	static
main.c:150:6:Num_Select	16	static
main.c:190:6:Segment_Select	16	static
main.c:226:5:main	40	static
main.c:305:6:SystemClock_Config	96	static
main.c:361:13:MX_NVIC_Init	8	static
main.c:373:13:MX_TIM6_Init	24	static
main.c:411:13:MX_TIM7_Init	24	static
main.c:449:13:MX_USART1_UART_Init	8	static
main.c:484:13:MX_USART2_UART_Init	8	static
main.c:519:13:MX_GPIO_Init	40	static
main.c:564:6:Error_Handler	4	static,ignoring_inline_asm
