main.c:77:6:HAL_UART_RxCpltCallback	16	static
main.c:91:6:HAL_TIM_PeriodElapsedCallback	16	static
main.c:105:6:Seg_Off	8	static
main.c:121:6:Num_Select	16	static
main.c:161:6:Segment_Select	16	static
main.c:194:5:main	40	static
main.c:263:6:SystemClock_Config	96	static
main.c:319:13:MX_NVIC_Init	8	static
main.c:334:13:MX_TIM6_Init	24	static
main.c:372:13:MX_USART1_UART_Init	8	static
main.c:407:13:MX_USART2_UART_Init	8	static
main.c:442:13:MX_GPIO_Init	40	static
main.c:487:6:Error_Handler	4	static,ignoring_inline_asm
