03:35:40 **** Incremental Build of configuration Debug for project STM32NUCLEO-F401RE ****
make -j7 all 
arm-none-eabi-gcc "../Core/Src/main.c" -mcpu=cortex-m4 -std=gnu11 -g3 -DDEBUG -DUSE_HAL_DRIVER -DSTM32F401xE -c -I../Core/Inc -I../Drivers/STM32F4xx_HAL_Driver/Inc -I../Drivers/STM32F4xx_HAL_Driver/Inc/Legacy -I../Drivers/CMSIS/Device/ST/STM32F4xx/Include -I../Drivers/CMSIS/Include -O0 -ffunction-sections -fdata-sections -Wall -fstack-usage -MMD -MP -MF"Core/Src/main.d" -MT"Core/Src/main.o" --specs=nano.specs -mfpu=fpv4-sp-d16 -mfloat-abi=hard -mthumb -o "Core/Src/main.o"
../Core/Src/main.c: In function 'LCD_Load_Print':
../Core/Src/main.c:187:37: warning: 'sprintf' writing a terminating nul past the end of the destination [-Wformat-overflow=]
  187 |    sprintf(Line1, "T:Load.. D:Load..");
      |                                     ^
../Core/Src/main.c:187:4: note: 'sprintf' output 18 bytes into a destination of size 17
  187 |    sprintf(Line1, "T:Load.. D:Load..");
      |    ^~~~~~~~~~~~~~~~~~~~~~~~~~~~~~~~~~~
../Core/Src/main.c:188:37: warning: 'sprintf' writing a terminating nul past the end of the destination [-Wformat-overflow=]
  188 |    sprintf(Line2, "H:Load.. C:Load..");
      |                                     ^
../Core/Src/main.c:188:4: note: 'sprintf' output 18 bytes into a destination of size 17
  188 |    sprintf(Line2, "H:Load.. C:Load..");
      |    ^~~~~~~~~~~~~~~~~~~~~~~~~~~~~~~~~~~
arm-none-eabi-gcc -o "STM32NUCLEO-F401RE.elf" @"objects.list"   -mcpu=cortex-m4 -T"/Users/byungwookoh/Documents/GitHub/Air-Alarm-Embedded/STM32NUCLEO-F401RE/STM32F401RETX_FLASH.ld" --specs=nosys.specs -Wl,-Map="STM32NUCLEO-F401RE.map" -Wl,--gc-sections -static -u_printf_float --specs=nano.specs -mfpu=fpv4-sp-d16 -mfloat-abi=hard -mthumb -Wl,--start-group -lc -lm -Wl,--end-group
Finished building target: STM32NUCLEO-F401RE.elf
 
arm-none-eabi-size   STM32NUCLEO-F401RE.elf 
arm-none-eabi-objdump -h -S  STM32NUCLEO-F401RE.elf  > "STM32NUCLEO-F401RE.list"
arm-none-eabi-objcopy  -O binary  STM32NUCLEO-F401RE.elf  "STM32NUCLEO-F401RE.bin"
   text	   data	    bss	    dec	    hex	filename
  37044	    500	   2140	  39684	   9b04	STM32NUCLEO-F401RE.elf
Finished building: default.size.stdout
 
Finished building: STM32NUCLEO-F401RE.bin
 
Finished building: STM32NUCLEO-F401RE.list
 
03:36:03 **** Incremental Build of configuration Debug for project STM32NUCLEO-F401RE ****
make -j7 all 
arm-none-eabi-size   STM32NUCLEO-F401RE.elf 
   text	   data	    bss	    dec	    hex	filename
  37044	    500	   2140	  39684	   9b04	STM32NUCLEO-F401RE.elf
Finished building: default.size.stdout
 
03:36:12 **** Incremental Build of configuration Debug for project STM32NUCLEO-F401RE ****
make -j7 all 
arm-none-eabi-size   STM32NUCLEO-F401RE.elf 
   text	   data	    bss	    dec	    hex	filename
  37044	    500	   2140	  39684	   9b04	STM32NUCLEO-F401RE.elf
Finished building: default.size.stdout
 
03:36:34 **** Incremental Build of configuration Debug for project STM32NUCLEO-F401RE ****
make -j7 all 
arm-none-eabi-gcc "../Core/Src/main.c" -mcpu=cortex-m4 -std=gnu11 -g3 -DDEBUG -DUSE_HAL_DRIVER -DSTM32F401xE -c -I../Core/Inc -I../Drivers/STM32F4xx_HAL_Driver/Inc -I../Drivers/STM32F4xx_HAL_Driver/Inc/Legacy -I../Drivers/CMSIS/Device/ST/STM32F4xx/Include -I../Drivers/CMSIS/Include -O0 -ffunction-sections -fdata-sections -Wall -fstack-usage -MMD -MP -MF"Core/Src/main.d" -MT"Core/Src/main.o" --specs=nano.specs -mfpu=fpv4-sp-d16 -mfloat-abi=hard -mthumb -o "Core/Src/main.o"
arm-none-eabi-gcc -o "STM32NUCLEO-F401RE.elf" @"objects.list"   -mcpu=cortex-m4 -T"/Users/byungwookoh/Documents/GitHub/Air-Alarm-Embedded/STM32NUCLEO-F401RE/STM32F401RETX_FLASH.ld" --specs=nosys.specs -Wl,-Map="STM32NUCLEO-F401RE.map" -Wl,--gc-sections -static -u_printf_float --specs=nano.specs -mfpu=fpv4-sp-d16 -mfloat-abi=hard -mthumb -Wl,--start-group -lc -lm -Wl,--end-group
Finished building target: STM32NUCLEO-F401RE.elf
 
arm-none-eabi-size   STM32NUCLEO-F401RE.elf 
arm-none-eabi-objdump -h -S  STM32NUCLEO-F401RE.elf  > "STM32NUCLEO-F401RE.list"
arm-none-eabi-objcopy  -O binary  STM32NUCLEO-F401RE.elf  "STM32NUCLEO-F401RE.bin"
   text	   data	    bss	    dec	    hex	filename
  37044	    500	   2140	  39684	   9b04	STM32NUCLEO-F401RE.elf
Finished building: default.size.stdout
 
Finished building: STM32NUCLEO-F401RE.bin
 
Finished building: STM32NUCLEO-F401RE.list
 
03:37:04 **** Incremental Build of configuration Debug for project STM32NUCLEO-F401RE ****
make -j7 all 
arm-none-eabi-gcc "../Core/Src/main.c" -mcpu=cortex-m4 -std=gnu11 -g3 -DDEBUG -DUSE_HAL_DRIVER -DSTM32F401xE -c -I../Core/Inc -I../Drivers/STM32F4xx_HAL_Driver/Inc -I../Drivers/STM32F4xx_HAL_Driver/Inc/Legacy -I../Drivers/CMSIS/Device/ST/STM32F4xx/Include -I../Drivers/CMSIS/Include -O0 -ffunction-sections -fdata-sections -Wall -fstack-usage -MMD -MP -MF"Core/Src/main.d" -MT"Core/Src/main.o" --specs=nano.specs -mfpu=fpv4-sp-d16 -mfloat-abi=hard -mthumb -o "Core/Src/main.o"
arm-none-eabi-gcc -o "STM32NUCLEO-F401RE.elf" @"objects.list"   -mcpu=cortex-m4 -T"/Users/byungwookoh/Documents/GitHub/Air-Alarm-Embedded/STM32NUCLEO-F401RE/STM32F401RETX_FLASH.ld" --specs=nosys.specs -Wl,-Map="STM32NUCLEO-F401RE.map" -Wl,--gc-sections -static -u_printf_float --specs=nano.specs -mfpu=fpv4-sp-d16 -mfloat-abi=hard -mthumb -Wl,--start-group -lc -lm -Wl,--end-group
Finished building target: STM32NUCLEO-F401RE.elf
 
arm-none-eabi-size   STM32NUCLEO-F401RE.elf 
arm-none-eabi-objdump -h -S  STM32NUCLEO-F401RE.elf  > "STM32NUCLEO-F401RE.list"
arm-none-eabi-objcopy  -O binary  STM32NUCLEO-F401RE.elf  "STM32NUCLEO-F401RE.bin"
   text	   data	    bss	    dec	    hex	filename
  37036	    500	   2140	  39676	   9afc	STM32NUCLEO-F401RE.elf
Finished building: default.size.stdout
 
Finished building: STM32NUCLEO-F401RE.bin
 
Finished building: STM32NUCLEO-F401RE.list
 
03:37:24 **** Incremental Build of configuration Debug for project STM32NUCLEO-F401RE ****
make -j7 all 
arm-none-eabi-gcc "../Core/Src/main.c" -mcpu=cortex-m4 -std=gnu11 -g3 -DDEBUG -DUSE_HAL_DRIVER -DSTM32F401xE -c -I../Core/Inc -I../Drivers/STM32F4xx_HAL_Driver/Inc -I../Drivers/STM32F4xx_HAL_Driver/Inc/Legacy -I../Drivers/CMSIS/Device/ST/STM32F4xx/Include -I../Drivers/CMSIS/Include -O0 -ffunction-sections -fdata-sections -Wall -fstack-usage -MMD -MP -MF"Core/Src/main.d" -MT"Core/Src/main.o" --specs=nano.specs -mfpu=fpv4-sp-d16 -mfloat-abi=hard -mthumb -o "Core/Src/main.o"
arm-none-eabi-gcc -o "STM32NUCLEO-F401RE.elf" @"objects.list"   -mcpu=cortex-m4 -T"/Users/byungwookoh/Documents/GitHub/Air-Alarm-Embedded/STM32NUCLEO-F401RE/STM32F401RETX_FLASH.ld" --specs=nosys.specs -Wl,-Map="STM32NUCLEO-F401RE.map" -Wl,--gc-sections -static -u_printf_float --specs=nano.specs -mfpu=fpv4-sp-d16 -mfloat-abi=hard -mthumb -Wl,--start-group -lc -lm -Wl,--end-group
Finished building target: STM32NUCLEO-F401RE.elf
 
arm-none-eabi-size   STM32NUCLEO-F401RE.elf 
arm-none-eabi-objdump -h -S  STM32NUCLEO-F401RE.elf  > "STM32NUCLEO-F401RE.list"
arm-none-eabi-objcopy  -O binary  STM32NUCLEO-F401RE.elf  "STM32NUCLEO-F401RE.bin"
   text	   data	    bss	    dec	    hex	filename
  37036	    500	   2140	  39676	   9afc	STM32NUCLEO-F401RE.elf
Finished building: default.size.stdout
 
Finished building: STM32NUCLEO-F401RE.bin
 
Finished building: STM32NUCLEO-F401RE.list
 
03:48:06 **** Incremental Build of configuration Debug for project STM32NUCLEO-F401RE ****
make -j7 all 
arm-none-eabi-gcc "../Core/Src/DHT.c" -mcpu=cortex-m4 -std=gnu11 -g3 -DDEBUG -DUSE_HAL_DRIVER -DSTM32F401xE -c -I../Core/Inc -I../Drivers/STM32F4xx_HAL_Driver/Inc -I../Drivers/STM32F4xx_HAL_Driver/Inc/Legacy -I../Drivers/CMSIS/Device/ST/STM32F4xx/Include -I../Drivers/CMSIS/Include -O0 -ffunction-sections -fdata-sections -Wall -fstack-usage -MMD -MP -MF"Core/Src/DHT.d" -MT"Core/Src/DHT.o" --specs=nano.specs -mfpu=fpv4-sp-d16 -mfloat-abi=hard -mthumb -o "Core/Src/DHT.o"
arm-none-eabi-gcc -o "STM32NUCLEO-F401RE.elf" @"objects.list"   -mcpu=cortex-m4 -T"/Users/byungwookoh/Documents/GitHub/Air-Alarm-Embedded/STM32NUCLEO-F401RE/STM32F401RETX_FLASH.ld" --specs=nosys.specs -Wl,-Map="STM32NUCLEO-F401RE.map" -Wl,--gc-sections -static -u_printf_float --specs=nano.specs -mfpu=fpv4-sp-d16 -mfloat-abi=hard -mthumb -Wl,--start-group -lc -lm -Wl,--end-group
Finished building target: STM32NUCLEO-F401RE.elf
 
arm-none-eabi-size   STM32NUCLEO-F401RE.elf 
arm-none-eabi-objdump -h -S  STM32NUCLEO-F401RE.elf  > "STM32NUCLEO-F401RE.list"
arm-none-eabi-objcopy  -O binary  STM32NUCLEO-F401RE.elf  "STM32NUCLEO-F401RE.bin"
   text	   data	    bss	    dec	    hex	filename
  37036	    500	   2140	  39676	   9afc	STM32NUCLEO-F401RE.elf
Finished building: default.size.stdout
 
Finished building: STM32NUCLEO-F401RE.bin
 
Finished building: STM32NUCLEO-F401RE.list
 
17:32:28 **** Incremental Build of configuration Debug for project STM32NUCLEO-F401RE ****
make -j7 all 
arm-none-eabi-size   STM32NUCLEO-F401RE.elf 
   text	   data	    bss	    dec	    hex	filename
  37036	    500	   2140	  39676	   9afc	STM32NUCLEO-F401RE.elf
Finished building: default.size.stdout
 
17:32:40 **** Incremental Build of configuration Debug for project STM32NUCLEO-F401RE ****
make -j7 all 
arm-none-eabi-size   STM32NUCLEO-F401RE.elf 
   text	   data	    bss	    dec	    hex	filename
  37036	    500	   2140	  39676	   9afc	STM32NUCLEO-F401RE.elf
Finished building: default.size.stdout
 
