03:06:50 **** Incremental Build of configuration Debug for project STM32NUCLEO-F401RE ****
make -j7 all 
arm-none-eabi-gcc "../Core/Src/main.c" -mcpu=cortex-m4 -std=gnu11 -g3 -DDEBUG -DUSE_HAL_DRIVER -DSTM32F401xE -c -I../Core/Inc -I../Drivers/STM32F4xx_HAL_Driver/Inc -I../Drivers/STM32F4xx_HAL_Driver/Inc/Legacy -I../Drivers/CMSIS/Device/ST/STM32F4xx/Include -I../Drivers/CMSIS/Include -O0 -ffunction-sections -fdata-sections -Wall -fstack-usage -MMD -MP -MF"Core/Src/main.d" -MT"Core/Src/main.o" --specs=nano.specs -mfpu=fpv4-sp-d16 -mfloat-abi=hard -mthumb -o "Core/Src/main.o"
arm-none-eabi-gcc -o "STM32NUCLEO-F401RE.elf" @"objects.list"   -mcpu=cortex-m4 -T"/Users/byungwookoh/Documents/GitHub/Air-Alarm-Embedded/STM32NUCLEO-F401RE/STM32F401RETX_FLASH.ld" --specs=nosys.specs -Wl,-Map="STM32NUCLEO-F401RE.map" -Wl,--gc-sections -static -u _printf_float --specs=nano.specs -mfpu=fpv4-sp-d16 -mfloat-abi=hard -mthumb -Wl,--start-group -lc -lm -Wl,--end-group
Finished building target: STM32NUCLEO-F401RE.elf
 
arm-none-eabi-size   STM32NUCLEO-F401RE.elf 
arm-none-eabi-objdump -h -S  STM32NUCLEO-F401RE.elf  > "STM32NUCLEO-F401RE.list"
arm-none-eabi-objcopy  -O binary  STM32NUCLEO-F401RE.elf  "STM32NUCLEO-F401RE.bin"
   text	   data	    bss	    dec	    hex	filename
  33004	    496	   2168	  35668	   8b54	STM32NUCLEO-F401RE.elf
Finished building: default.size.stdout
 
Finished building: STM32NUCLEO-F401RE.bin
 
Finished building: STM32NUCLEO-F401RE.list
 
03:06:59 **** Incremental Build of configuration Debug for project STM32NUCLEO-F401RE ****
make -j7 all 
arm-none-eabi-gcc "../Core/Src/main.c" -mcpu=cortex-m4 -std=gnu11 -g3 -DDEBUG -DUSE_HAL_DRIVER -DSTM32F401xE -c -I../Core/Inc -I../Drivers/STM32F4xx_HAL_Driver/Inc -I../Drivers/STM32F4xx_HAL_Driver/Inc/Legacy -I../Drivers/CMSIS/Device/ST/STM32F4xx/Include -I../Drivers/CMSIS/Include -O0 -ffunction-sections -fdata-sections -Wall -fstack-usage -MMD -MP -MF"Core/Src/main.d" -MT"Core/Src/main.o" --specs=nano.specs -mfpu=fpv4-sp-d16 -mfloat-abi=hard -mthumb -o "Core/Src/main.o"
arm-none-eabi-gcc -o "STM32NUCLEO-F401RE.elf" @"objects.list"   -mcpu=cortex-m4 -T"/Users/byungwookoh/Documents/GitHub/Air-Alarm-Embedded/STM32NUCLEO-F401RE/STM32F401RETX_FLASH.ld" --specs=nosys.specs -Wl,-Map="STM32NUCLEO-F401RE.map" -Wl,--gc-sections -static -u _printf_float --specs=nano.specs -mfpu=fpv4-sp-d16 -mfloat-abi=hard -mthumb -Wl,--start-group -lc -lm -Wl,--end-group
Finished building target: STM32NUCLEO-F401RE.elf
 
arm-none-eabi-size   STM32NUCLEO-F401RE.elf 
arm-none-eabi-objdump -h -S  STM32NUCLEO-F401RE.elf  > "STM32NUCLEO-F401RE.list"
arm-none-eabi-objcopy  -O binary  STM32NUCLEO-F401RE.elf  "STM32NUCLEO-F401RE.bin"
   text	   data	    bss	    dec	    hex	filename
  33004	    496	   2168	  35668	   8b54	STM32NUCLEO-F401RE.elf
Finished building: default.size.stdout
 
Finished building: STM32NUCLEO-F401RE.bin
 
Finished building: STM32NUCLEO-F401RE.list
 
03:08:43 **** Incremental Build of configuration Debug for project STM32NUCLEO-F401RE ****
make -j7 all 
arm-none-eabi-gcc "../Core/Src/main.c" -mcpu=cortex-m4 -std=gnu11 -g3 -DDEBUG -DUSE_HAL_DRIVER -DSTM32F401xE -c -I../Core/Inc -I../Drivers/STM32F4xx_HAL_Driver/Inc -I../Drivers/STM32F4xx_HAL_Driver/Inc/Legacy -I../Drivers/CMSIS/Device/ST/STM32F4xx/Include -I../Drivers/CMSIS/Include -O0 -ffunction-sections -fdata-sections -Wall -fstack-usage -MMD -MP -MF"Core/Src/main.d" -MT"Core/Src/main.o" --specs=nano.specs -mfpu=fpv4-sp-d16 -mfloat-abi=hard -mthumb -o "Core/Src/main.o"
arm-none-eabi-gcc -o "STM32NUCLEO-F401RE.elf" @"objects.list"   -mcpu=cortex-m4 -T"/Users/byungwookoh/Documents/GitHub/Air-Alarm-Embedded/STM32NUCLEO-F401RE/STM32F401RETX_FLASH.ld" --specs=nosys.specs -Wl,-Map="STM32NUCLEO-F401RE.map" -Wl,--gc-sections -static -u _printf_float --specs=nano.specs -mfpu=fpv4-sp-d16 -mfloat-abi=hard -mthumb -Wl,--start-group -lc -lm -Wl,--end-group
Finished building target: STM32NUCLEO-F401RE.elf
 
arm-none-eabi-size   STM32NUCLEO-F401RE.elf 
arm-none-eabi-objdump -h -S  STM32NUCLEO-F401RE.elf  > "STM32NUCLEO-F401RE.list"
arm-none-eabi-objcopy  -O binary  STM32NUCLEO-F401RE.elf  "STM32NUCLEO-F401RE.bin"
   text	   data	    bss	    dec	    hex	filename
  33020	    496	   2168	  35684	   8b64	STM32NUCLEO-F401RE.elf
Finished building: default.size.stdout
 
Finished building: STM32NUCLEO-F401RE.bin
 
Finished building: STM32NUCLEO-F401RE.list
 
03:10:03 **** Incremental Build of configuration Debug for project STM32NUCLEO-F401RE ****
make -j7 all 
arm-none-eabi-gcc "../Core/Src/main.c" -mcpu=cortex-m4 -std=gnu11 -g3 -DDEBUG -DUSE_HAL_DRIVER -DSTM32F401xE -c -I../Core/Inc -I../Drivers/STM32F4xx_HAL_Driver/Inc -I../Drivers/STM32F4xx_HAL_Driver/Inc/Legacy -I../Drivers/CMSIS/Device/ST/STM32F4xx/Include -I../Drivers/CMSIS/Include -O0 -ffunction-sections -fdata-sections -Wall -fstack-usage -MMD -MP -MF"Core/Src/main.d" -MT"Core/Src/main.o" --specs=nano.specs -mfpu=fpv4-sp-d16 -mfloat-abi=hard -mthumb -o "Core/Src/main.o"
arm-none-eabi-gcc -o "STM32NUCLEO-F401RE.elf" @"objects.list"   -mcpu=cortex-m4 -T"/Users/byungwookoh/Documents/GitHub/Air-Alarm-Embedded/STM32NUCLEO-F401RE/STM32F401RETX_FLASH.ld" --specs=nosys.specs -Wl,-Map="STM32NUCLEO-F401RE.map" -Wl,--gc-sections -static -u _printf_float --specs=nano.specs -mfpu=fpv4-sp-d16 -mfloat-abi=hard -mthumb -Wl,--start-group -lc -lm -Wl,--end-group
Finished building target: STM32NUCLEO-F401RE.elf
 
arm-none-eabi-size   STM32NUCLEO-F401RE.elf 
arm-none-eabi-objdump -h -S  STM32NUCLEO-F401RE.elf  > "STM32NUCLEO-F401RE.list"
arm-none-eabi-objcopy  -O binary  STM32NUCLEO-F401RE.elf  "STM32NUCLEO-F401RE.bin"
   text	   data	    bss	    dec	    hex	filename
  33020	    496	   2168	  35684	   8b64	STM32NUCLEO-F401RE.elf
Finished building: default.size.stdout
 
Finished building: STM32NUCLEO-F401RE.bin
 
Finished building: STM32NUCLEO-F401RE.list
 
03:10:38 **** Incremental Build of configuration Debug for project STM32NUCLEO-F401RE ****
make -j7 all 
arm-none-eabi-gcc "../Core/Src/main.c" -mcpu=cortex-m4 -std=gnu11 -g3 -DDEBUG -DUSE_HAL_DRIVER -DSTM32F401xE -c -I../Core/Inc -I../Drivers/STM32F4xx_HAL_Driver/Inc -I../Drivers/STM32F4xx_HAL_Driver/Inc/Legacy -I../Drivers/CMSIS/Device/ST/STM32F4xx/Include -I../Drivers/CMSIS/Include -O0 -ffunction-sections -fdata-sections -Wall -fstack-usage -MMD -MP -MF"Core/Src/main.d" -MT"Core/Src/main.o" --specs=nano.specs -mfpu=fpv4-sp-d16 -mfloat-abi=hard -mthumb -o "Core/Src/main.o"
arm-none-eabi-gcc -o "STM32NUCLEO-F401RE.elf" @"objects.list"   -mcpu=cortex-m4 -T"/Users/byungwookoh/Documents/GitHub/Air-Alarm-Embedded/STM32NUCLEO-F401RE/STM32F401RETX_FLASH.ld" --specs=nosys.specs -Wl,-Map="STM32NUCLEO-F401RE.map" -Wl,--gc-sections -static -u _printf_float --specs=nano.specs -mfpu=fpv4-sp-d16 -mfloat-abi=hard -mthumb -Wl,--start-group -lc -lm -Wl,--end-group
Finished building target: STM32NUCLEO-F401RE.elf
 
arm-none-eabi-size   STM32NUCLEO-F401RE.elf 
arm-none-eabi-objdump -h -S  STM32NUCLEO-F401RE.elf  > "STM32NUCLEO-F401RE.list"
arm-none-eabi-objcopy  -O binary  STM32NUCLEO-F401RE.elf  "STM32NUCLEO-F401RE.bin"
   text	   data	    bss	    dec	    hex	filename
  33020	    496	   2168	  35684	   8b64	STM32NUCLEO-F401RE.elf
Finished building: default.size.stdout
 
Finished building: STM32NUCLEO-F401RE.bin
 
Finished building: STM32NUCLEO-F401RE.list
 
03:12:31 **** Incremental Build of configuration Debug for project STM32NUCLEO-F401RE ****
make -j7 all 
arm-none-eabi-gcc "../Core/Src/main.c" -mcpu=cortex-m4 -std=gnu11 -g3 -DDEBUG -DUSE_HAL_DRIVER -DSTM32F401xE -c -I../Core/Inc -I../Drivers/STM32F4xx_HAL_Driver/Inc -I../Drivers/STM32F4xx_HAL_Driver/Inc/Legacy -I../Drivers/CMSIS/Device/ST/STM32F4xx/Include -I../Drivers/CMSIS/Include -O0 -ffunction-sections -fdata-sections -Wall -fstack-usage -MMD -MP -MF"Core/Src/main.d" -MT"Core/Src/main.o" --specs=nano.specs -mfpu=fpv4-sp-d16 -mfloat-abi=hard -mthumb -o "Core/Src/main.o"
arm-none-eabi-gcc -o "STM32NUCLEO-F401RE.elf" @"objects.list"   -mcpu=cortex-m4 -T"/Users/byungwookoh/Documents/GitHub/Air-Alarm-Embedded/STM32NUCLEO-F401RE/STM32F401RETX_FLASH.ld" --specs=nosys.specs -Wl,-Map="STM32NUCLEO-F401RE.map" -Wl,--gc-sections -static -u _printf_float --specs=nano.specs -mfpu=fpv4-sp-d16 -mfloat-abi=hard -mthumb -Wl,--start-group -lc -lm -Wl,--end-group
Finished building target: STM32NUCLEO-F401RE.elf
 
arm-none-eabi-size   STM32NUCLEO-F401RE.elf 
arm-none-eabi-objdump -h -S  STM32NUCLEO-F401RE.elf  > "STM32NUCLEO-F401RE.list"
arm-none-eabi-objcopy  -O binary  STM32NUCLEO-F401RE.elf  "STM32NUCLEO-F401RE.bin"
   text	   data	    bss	    dec	    hex	filename
  33020	    496	   2168	  35684	   8b64	STM32NUCLEO-F401RE.elf
Finished building: default.size.stdout
 
Finished building: STM32NUCLEO-F401RE.bin
 
Finished building: STM32NUCLEO-F401RE.list
 
03:13:34 **** Incremental Build of configuration Debug for project STM32NUCLEO-F401RE ****
make -j7 all 
arm-none-eabi-gcc "../Core/Src/main.c" -mcpu=cortex-m4 -std=gnu11 -g3 -DDEBUG -DUSE_HAL_DRIVER -DSTM32F401xE -c -I../Core/Inc -I../Drivers/STM32F4xx_HAL_Driver/Inc -I../Drivers/STM32F4xx_HAL_Driver/Inc/Legacy -I../Drivers/CMSIS/Device/ST/STM32F4xx/Include -I../Drivers/CMSIS/Include -O0 -ffunction-sections -fdata-sections -Wall -fstack-usage -MMD -MP -MF"Core/Src/main.d" -MT"Core/Src/main.o" --specs=nano.specs -mfpu=fpv4-sp-d16 -mfloat-abi=hard -mthumb -o "Core/Src/main.o"
arm-none-eabi-gcc -o "STM32NUCLEO-F401RE.elf" @"objects.list"   -mcpu=cortex-m4 -T"/Users/byungwookoh/Documents/GitHub/Air-Alarm-Embedded/STM32NUCLEO-F401RE/STM32F401RETX_FLASH.ld" --specs=nosys.specs -Wl,-Map="STM32NUCLEO-F401RE.map" -Wl,--gc-sections -static -u _printf_float --specs=nano.specs -mfpu=fpv4-sp-d16 -mfloat-abi=hard -mthumb -Wl,--start-group -lc -lm -Wl,--end-group
Finished building target: STM32NUCLEO-F401RE.elf
 
arm-none-eabi-size   STM32NUCLEO-F401RE.elf 
arm-none-eabi-objdump -h -S  STM32NUCLEO-F401RE.elf  > "STM32NUCLEO-F401RE.list"
arm-none-eabi-objcopy  -O binary  STM32NUCLEO-F401RE.elf  "STM32NUCLEO-F401RE.bin"
   text	   data	    bss	    dec	    hex	filename
  33020	    496	   2168	  35684	   8b64	STM32NUCLEO-F401RE.elf
Finished building: default.size.stdout
 
Finished building: STM32NUCLEO-F401RE.bin
 
Finished building: STM32NUCLEO-F401RE.list
 
